apparmor-admin_en-10
apparmor-docs-2.3
apparmor-profiles-2
apparmor-utils-2.3
autoyast2-installation-2.17
Bastille-3.0
branding-SLES-11
dejavu-2.26
desktop-translations-11
gconf2-branding-SLES-2
glib2-branding-SLES-2
man-pages-3
mpt-firmware-1
netcfg-11
openssl-certs-0.9
pciutils-ids-2010.3
polkit-default-privs-0
quest-1EU-appliancemon-5
quest-1EU-appliancemon-appconfig-fenced-5
quest-1EU-appliancemon-appconfig-unfenced-5
quest-1EU-archiver-5
quest-1EU-archiver-appconfig-dell-allinone-5
quest-1EU-archiver-appconfig-dell-archiveronly-5
quest-foglight-5
quest-foglight-appconfig-dell-allinone-5
quest-foglight-appconfig-dell-foglightonly-5
quest-1EU-cartridges-enduser-5
quest-1EU-cartridges-endusermodels-5
quest-1EU-cartridges-enduser-defaults-allinone-5
quest-1EU-cartridges-enduser-defaults-foglightonly-5
quest-1EU-dellopenmanage-5
quest-1EU-devel-5
quest-1EU-mysql-5
quest-1EU-osconfig-5
quest-1EU-console-5
quest-1EU-relayer-5
quest-1EU-relayer-appconfig-dell-allinone-5
quest-1EU-relayer-appconfig-dell-archiveronly-5
quest-1EU-relayer-appconfig-dell-snifferonly-5
quest-1EU-sniffer-5
quest-1EU-sniffer-appconfig-dell-allinone-5
quest-1EU-sniffer-appconfig-dell-snifferonly-5
quest-1EU-locationdb-5
suse-build-key-1
suseRegister-1
update-alternatives-1.14
yast2-add-on-2.17
yast2-apparmor-2.17
yast2-branding-SLES-2.17
yast2-firewall-2.17
yast2-installation-2.17
yast2-ldap-client-2.17
yast2-online-update-2.17
yast2-pam-2.17
yast2-registration-2.17
yast2-registration-branding-SLE-2.17
yast2-security-2.17
yast2-theme-SLE-2.17
yast2-trans-en_US-2.17
yast2-trans-stats-2.15
