ConsoleKit-0.2
OpenIPMI-2.0
PolicyKit-0
PolicyKit-32bit-0
PolicyKit-doc-0
aaa_base-11
apparmor-parser-2.3
audit-1.7
audit-libs-1.7
audit-libs-32bit-1.7
bash-3
bash-doc-3
bc-1
bind-libs-32bit-9.5
bind-libs-9.5
bind-utils-9.5
binutils-2.20
blt-2
bootsplash-3
bootsplash-branding-SLES-3
bzip2-1.0
cairo-1.8
checkmedia-2
cifs-mount-3.4
coreutils-6
coreutils-lang-6
cpio-2
cpio-lang-2
cpufrequtils-32bit-004
cracklib-2.8
cracklib-32bit-2.8
cracklib-dict-full-2.8
cron-4
cryptconfig-32bit-0
cryptsetup-1.0
curl-7.19
cyrus-sasl-2.1
cyrus-sasl-32bit-2.1
cyrus-sasl-gssapi-32bit-2.1
cyrus-sasl-plain-32bit-2.1
dbus-1-1.2
dbus-1-32bit-1.2
dbus-1-glib-0
dbus-1-glib-32bit-0
device-mapper-1.02
device-mapper-32bit-1.02
dhcpcd-3.2
dialog-1.1
diffutils-2.8
dirmngr-1.0
dmraid-1.0.0
dosfstools-2
e2fsprogs-1.41
efibootmgr-0.5
eject-2.1
elfutils-0
elilo-3
ethtool-6
expect-5.44.1
fbset-2
file-32bit-4
file-4
filesystem-11
fillup-1
findutils-4.4
fontconfig-2.6
freetype2-2.3
gawk-3.1
gdbm-1.8
gdbm-32bit-1.8
gettext-runtime-0
gettext-runtime-32bit-0
gfxboot-4.1
gfxboot-branding-SLES-4.1
glib2-2.22
glib2-lang-2.22
glibc-2.11
glibc-32bit-2.11
glibc-locale-2.11
glibc-locale-32bit-2.11
gpg2-2.0
gpg2-lang-2.0
gpm-1.20
gpm-32bit-1.20
grep-2.5
groff-1.18.1
grub-0
gzip-1.3
hal-0.5
hal-32bit-0.5
hwinfo-15
ifplugd-0
info-4
initviocons-0
insserv-1.12
ipmitool-1.8
iproute2-2.6.29
iptables-1.4
iputils-ss021109
irqbalance-0
java-1_6_0-sun-1.6
java-1_6_0-sun-devel-1.6
jpackage-utils-1.7
kbd-1.14
kernel-default-2.6.32.54
kernel-default-base-2.6.32.54
keyutils-1
keyutils-libs-1
klogd-1.4
kpartx-0.4
krb5-1.6
lcms-1
less-424b
libHX13-32bit-1
libacl-2.2
libacl-32bit-2.2
libaio-0.3
libaio-32bit-0.3
libapparmor1-2
libart_lgpl-2.3
libasm1-0
libattr-2.4
libattr-32bit-2.4
libaugeas0-0.5
libblkid1-2
libblocxx6-2.1.0
libbz2-1-1.0
libcap2-2
libcap2-32bit-2
libcom_err2-1.41
libcmpiCppImpl0-2.0
libcryptsetup0-1.0
libcurl4-32bit-7.19
libcurl4-7.19
libdb-4_5-32bit-4.5
libdb-4_5-4.5
libdw1-0
libebl1-0
libelf1-0
libevent-1_4-2-1.4
libexpat1-2.0
libext2fs2-1.41
libgcc43-4.3
libgcrypt11-1.4
libgcrypt11-32bit-1.4
libglib-2_0-0-2.22
libgmodule-2_0-0-2.22
libgobject-2_0-0-2.22
libgpg-error0-1
libgpg-error0-32bit-1
libgssglue1-0
libgthread-2_0-0-2.22
libidn-1
libidn-32bit-1
libjpeg-6.2
libksba-1.0
liblcms1-1
liblcms1-32bit-1
libldap-2_4-2-2.4
libldap-2_4-2-32bit-2.4
libldapcpp1-0.1
libltdl7-2.2
libltdl7-32bit-2.2
libmng-1.0
libmng-32bit-1.0
libncurses5-5
libncurses5-32bit-5
libncurses6-5
libnet-1.1.2
libnscd-2.0
libnscd-32bit-2.0
libopenct1-0.6
libopenct1-32bit-0.6
libopensc2-0.11
libopensc2-32bit-0.11
libopenssl0_9_8-0.9
libpcap0-0.9
libpixman-1-0-0.16
libpng12-0-1.2
libpython2_6-1_0-2.6
libreadline5-5
libreiserfs-0.3.0
libreiserfs-32bit-0.3.0
libselinux1-2.0
libselinux1-32bit-2.0
libsensors3-2
libsensors4-3
libsepol1-2.0
libsepol1-32bit-2.0
libsmbclient0-3.4
libsmbios2-2.2
libsnmp15-5.4.2
libsqlite3-0-3.6
libstdc++33-3.3
libstdc++33-32bit-3.3
libstdc++43-4.3
libtalloc1-3.4
libtdb1-3.4
libtiff3-3.8
libtirpc1-0.2
libtool-32bit-2.2
libusb-0_1-4-0.1
libuuid1-2
libvolume_id1-128
libwbclient0-3.4
libwsman1-2.2
libxcrypt-3.0
libxcrypt-32bit-3.0
libxml2-2.7
libxml2-32bit-2.7
libxml2-python-2.7
libxslt-1.1
libxslt-32bit-1.1
libzio-0
libzypp-6.31
limal-1.5
limal-ca-mgm-1.5
limal-ca-mgm-perl-1.5
limal-perl-1.5
login-3
logrotate-3.7
lvm2-2.02
man-2.5
mdadm-3.0
metamail-2.7
mingetty-1.0
mkinitrd-2.4
module-init-tools-3.11
mtools-3.9
multipath-tools-0.4
ncurses-utils-5
net-snmp-5
net-tools-1
nfs-client-1.2
nfsidmap-0
ntp-4.2
openldap2-client-2.4
opensc-0.11
opensc-32bit-0.11
openslp-1.2
openslp-32bit-1.2
openssh-5
openssl-0.9
openwsman-client-2.2
openwsman-server-2.2
opie-32bit-2
pam-1.0
pam-32bit-1.0
pam-config-0
pam-modules-11
pam-modules-32bit-11
pam_mount-32bit-0
pango-1.26
parted-1.8
parted-32bit-1.8
pax-3
pciutils-3.0
pciutils-32bit-3.0
pcre-7
pcsc-lite-1.4
pcsc-lite-32bit-1.4
perl-32bit-5.10
perl-5.10
perl-Bootloader-0.4.89
perl-Config-Crontab-1
perl-Crypt-SSLeay-0
perl-Curses-1.12
perl-DBD-SQLite-1
perl-DBI-1
perl-Digest-MD4-1
perl-Digest-SHA1-2
perl-File-Tail-0.99
perl-HTML-Parser-3
perl-HTML-Tagset-3
perl-Net-Daemon-0
perl-Parse-RecDescent-1.96
perl-PlRPC-0
perl-RPC-XML-0
perl-SNMP-5.4
perl-TermReadKey-2
perl-TimeDate-1
perl-URI-1
perl-WWW-Curl-4
perl-X500-DN-0
perl-XML-Parser-2
perl-XML-Simple-2
perl-XML-Writer-0
perl-base-5.10
perl-doc-5.10
perl-gettext-1
perl-libapparmor-2
perl-libwww-perl-5
permissions-2010.4
pinentry-0.7
pm-utils-0.99.4
pmtools-20071116
popt-1
popt-32bit-1
postfix-2.5
procinfo-18
procmail-3
procps-3.2
psmisc-22
pth-2.0
pwdutils-3.2
python-2.6
python-base-2.6
python-tk-2.6
python-xml-2.6
readline-doc-5
release-notes-sles-11.1.0
rpcbind-0.1
rpm-32bit-4.4.2
rpm-4.4.2
rrdtool-1.3
satsolver-tools-0.14
sblim-sfcb-1.3
sblim-sfcc-2.2
sed-4.1
sensors-3
setserial-2
sharutils-4.6
sles-release-11
sles-release-DVD-11
smbios-utils-bin-2.2
snmp-mibs-5.4.2
sqlite3-3.6
strace-32bit-4.5
sudo-1.6
sysconfig-0.71
sysfsutils-2.1
sysfsutils-32bit-2.1
syslog-ng-2.0
sysstat-8
sysvinit-2
tar-1
tcl-8.5
tcpd-32bit-7
tcpd-7
tcpdump-3.9
tcsh-6.15
telnet-1
terminfo-base-5
timezone-2010h
tk-8.5
udev-128
unzip-5
usbutils-0
utempter-32bit-0.5
util-linux-2
util-linux-lang-2
uuid-runtime-2
vim-7
vim-base-7
vim-data-7
w3m-0.5
wget-1.11
xfsprogs-3.1
xinetd-2.3
xorg-x11-libICE-7
xorg-x11-libSM-7
xorg-x11-libX11-7
xorg-x11-libXau-7
xorg-x11-libXdmcp-7
xorg-x11-libXext-7
xorg-x11-libXfixes-7
xorg-x11-libXmu-7
xorg-x11-libXp-7
xorg-x11-libXpm-7
xorg-x11-libXprintUtil-7
xorg-x11-libXrender-7
xorg-x11-libXt-7
xorg-x11-libXv-7
xorg-x11-libfontenc-7
xorg-x11-libs-7
xorg-x11-libxcb-7
xorg-x11-libxkbfile-7
yast2-2.17
yast2-bootloader-2.17
yast2-core-2.17
yast2-country-2.17
yast2-country-data-2.17
yast2-dbus-client-2.17
yast2-dbus-server-2.17
yast2-hardware-detection-2.17
yast2-ldap-2.17
yast2-libyui-2.18
yast2-mouse-2.16
yast2-ncurses-2.17
yast2-ncurses-pkg-2.17
yast2-network-2.17
yast2-packager-2.17
yast2-perl-bindings-2.17
yast2-pkg-bindings-2.17
yast2-storage-2.17
yast2-storage-lib-2.17
yast2-transfer-2.16
yast2-update-2.17
yast2-users-2.17
yast2-xml-2.16
yast2-ycp-ui-bindings-2.18
zlib-1.2
zlib-32bit-1.2
zypper-1.3
